
 Name                                                                                Monthly Qty  Unit                    Monthly Cost 
                                                                                                                                       
 ibm_en_subscription_custom_email.subscription_custom_email_lite                                                                       
 ├─ Outbound Custom Domain E-mail Messages (Lite plan) (Max. 20)                              20  Messages                       $0.00 
 └─ Outbound Transmitted E-mail Messages (Lite plan)                                           1  GB                             $0.00 
                                                                                                                                       
 ibm_en_subscription_custom_email.subscription_custom_email_standard                                                                   
 ├─ Outbound Custom Domain E-mail Messages (Standard plan)                                 1,000  Messages                       $0.15 
 └─ Outbound Transmitted E-mail Messages (Standard plan)                                       1  GB                             $0.12 
                                                                                                                                       
 ibm_en_subscription_custom_email.subscription_custom_email_standard_no_usage                                                          
 ├─ Outbound Custom Domain E-mail Messages (Standard plan)                     Monthly cost depends on usage: $0.00015 per Messages    
 └─ Outbound Transmitted E-mail Messages (Standard plan)                       Monthly cost depends on usage: $0.12 per GB             
                                                                                                                                       
 ibm_resource_instance.event_notifications["lite"]                                                                                     
 └─ Lite Plan                                                                                  1  Instance                       $0.00 
                                                                                                                                       
 ibm_resource_instance.event_notifications["standard"]                                                                                 
 └─ Ingested Events                                                            Monthly cost depends on usage: $1.08 per Million Events 
                                                                                                                                       
 OVERALL TOTAL                                                                                                                   $0.27 
──────────────────────────────────
5 cloud resources were detected:
∙ 5 were estimated, 2 of which include usage-based costs, see https://infracost.io/usage-file