
 Name                                                                  Monthly Qty  Unit                    Monthly Cost 
                                                                                                                         
 ibm_en_subscription_email.subscription_email_lite                                                                       
 └─ Outbound E-mail Messages (Lite plan) (Max. 20)                              20  Messages                       $0.00 
                                                                                                                         
 ibm_en_subscription_email.subscription_email_standard                                                                   
 └─ Outbound E-mail Messages (Standard plan)                               100,000  Messages                       $4.31 
                                                                                                                         
 ibm_en_subscription_email.subscription_email_standard_no_usage                                                          
 └─ Outbound E-mail Messages (Standard plan)                     Monthly cost depends on usage: $0.0000431 per Messages  
                                                                                                                         
 ibm_resource_instance.event_notifications["lite"]                                                                       
 └─ Lite Plan                                                                    1  Instance                       $0.00 
                                                                                                                         
 ibm_resource_instance.event_notifications["standard"]                                                                   
 └─ Ingested Events                                              Monthly cost depends on usage: $1.08 per Million Events 
                                                                                                                         
 OVERALL TOTAL                                                                                                     $4.31 
──────────────────────────────────
5 cloud resources were detected:
∙ 5 were estimated, 2 of which include usage-based costs, see https://infracost.io/usage-file