# Run:
#
# ARGS="--run TestIsFloatingIp -v -update" make test_ibm
#
# to update this file with golden file outputs.
