
 Name                                                                                              Monthly Qty  Unit      Monthly Cost 
                                                                                                                                       
 ibm_is_vpc.vpc1                                                                                                                       
 ├─ VPC instance                                                                                             1  Instance         $0.00 
 ├─ VPC egress free allowance (first 5GB)                                                                    5  GB               $0.00 
 └─ VPC egress us-south (first 9995 GB)                                                                  9,995  GB             $908.70 
 └─ VPC egress us-south (next 40000 GB)                                                                 40,000  GB           $3,469.40 
 └─ VPC egress us-south (next 100000 GB)                                                                   100  GB               $7.32 
 └─ VPC egress us-south (over 149995 GB)                                                                     0  GB               $0.00 
                                                                                                                                       
 mycluster                                                                                                                             
 ├─ VPC Container Work Zone flavor: (bx2.4x16) region: (us-south) name: (us-south-1) x(3) workers        2,190  hours          $608.59 
 └─ VPC Container Work Zone flavor: (bx2.4x16) region: (us-south) name: (us-south-2) x(3) workers        2,190  hours          $608.59 
                                                                                                                                       
 mycluster-without-usage                                                                                                               
 ├─ VPC Container Work Zone flavor: (bx2.4x16) region: (us-south) name: (us-south-1) x(3) workers            3  hours            $0.83 
 └─ VPC Container Work Zone flavor: (bx2.4x16) region: (us-south) name: (us-south-2) x(3) workers            3  hours            $0.83 
                                                                                                                                       
 myrokscluster-with-usage                                                                                                               
 ├─ VPC Container Work Zone flavor: (bx2.4x16) region: (us-south) name: (us-south-1) x(3) workers        2,190  hours          $983.08 
 └─ VPC Container Work Zone flavor: (bx2.4x16) region: (us-south) name: (us-south-2) x(3) workers        2,190  hours          $983.08 
                                                                                                                                       
 OVERALL TOTAL                                                                                                               $7,570.40 
──────────────────────────────────
6 cloud resources were detected:
∙ 4 were estimated, 1 of which usage-based costs, see https://infracost.io/usage-file
∙ 2 were free:
  ∙ 2 x ibm_is_subnet