
 Name                                         Monthly Qty  Unit              Monthly Cost 
                                                                                          
 ibm_is_public_gateway.example                                                            
 └─ Public gateway Floating IP us-south                 1  Instance                 $1.00 
                                                                                          
 ibm_is_vpc.test_vpc                                                                      
 ├─ VPC instance                                        1  Instance                 $0.00 
 ├─ VPC egress free allowance (first 5GB)  Monthly cost depends on usage: $0.00 per GB    
 └─ VPC egress us-south (first 9995 GB)    Monthly cost depends on usage: $0.087 per GB   
 └─ VPC egress us-south (next 40000 GB)    Monthly cost depends on usage: $0.083 per GB   
 └─ VPC egress us-south (next 100000 GB)   Monthly cost depends on usage: $0.07 per GB    
 └─ VPC egress us-south (over 149995 GB)   Monthly cost depends on usage: $0.05 per GB    
                                                                                          
 OVERALL TOTAL                                                                      $1.00 
──────────────────────────────────
2 cloud resources were detected:
∙ 2 were estimated, 1 of which usage-based costs, see https://infracost.io/usage-file