
 Name                Monthly Qty  Unit      Monthly Cost 
                                                         
 ibm_is_vpc.testVpc                                      
 └─ VPC us-south               1  Instance         $0.00 
                                                         
 OVERALL TOTAL                                     $0.00 
──────────────────────────────────
1 cloud resource was detected:
∙ 1 was estimated, it includes usage-based costs, see https://infracost.io/usage-file