
 Name                                                    Monthly Qty  Unit        Monthly Cost 
                                                                                               
 ibm_tg_gateway.new_tg_gw                                                                      
 ├─ Connections Free allowance (first 10 Connection)              10  Connection         $0.00 
 ├─ Connections (first 10 Connection)                             10  Connection       $200.00 
 ├─ Connections (next 30 Connection)                               5  Connection        $75.00 
 ├─ Connections (over 40 Connection)                               0  Connection         $0.00 
 ├─ Data Transfer Global Free allowance (first 1000 GB)        1,000  GB                 $0.00 
 └─ Data Transfer Global (over 1000 GB)                        1,500  GB                $30.00 
                                                                                               
 OVERALL TOTAL                                                                         $305.00 
──────────────────────────────────
1 cloud resource was detected:
∙ 1 was estimated