
 Name                                                                                        Monthly Qty  Unit   Monthly Cost 
                                                                                                                              
 ibm_container_vpc_worker_pool.test_vpc_worker_pool                                                                           
 └─ VPC Container Workpool flavor: (bx2.4x16) region: (us-south) workers x zones: (2) x (1)        1,460  hours       $376.94 
                                                                                                                              
 OVERALL TOTAL                                                                                                        $376.94 
──────────────────────────────────
1 cloud resource was detected:
∙ 1 was estimated