
 Name                                                            Monthly Qty  Unit              Monthly Cost 
                                                                                                             
 ibm_is_flow_log.testFlowLog                                                                                 
 ├─ Flow Log Collector us-south - free allowance (first 5GB)               5  GB                       $0.00 
 └─ Flow Log Collector us-south (first 10000 GB)                      10,000  GB                   $1,000.00 
 └─ Flow Log Collector us-south (next 20000 GB)                       19,995  GB                   $1,999.50 
 └─ Flow Log Collector us-south (next 20000 GB)                            0  GB                       $0.00 
 └─ Flow Log Collector us-south (next 22000 GB)                            0  GB                       $0.00 
 └─ Flow Log Collector us-south (over 72000 GB)                            0  GB                       $0.00 
                                                                                                             
 ibm_is_instance.testIsInstance                                                                              
 └─ Instance usage (bx2.2x8, public, us-south-1)              Monthly cost depends on usage: $0.12 per hours 
                                                                                                             
 ibm_is_vpc.testVpc                                                                                          
 ├─ VPC instance                                                           1  Instance                 $0.00 
 ├─ VPC egress free allowance (first 5GB)                     Monthly cost depends on usage: $0.00 per GB    
 └─ VPC egress us-south (first 9995 GB)                                    -  GB                           - 
 └─ VPC egress us-south (next 40000 GB)                                    -  GB                           - 
 └─ VPC egress us-south (next 100000 GB)                                   -  GB                           - 
 └─ VPC egress us-south (over 149995 GB)                                   -  GB                           - 
                                                                                                             
 OVERALL TOTAL                                                                                     $2,999.50 
──────────────────────────────────
8 cloud resources were detected:
∙ 5 were estimated, 3 of which include usage-based costs, see https://infracost.io/usage-file
∙ 2 were free:
  ∙ 1 x ibm_is_ssh_key
  ∙ 1 x ibm_is_subnet
∙ 1 is not supported yet, see https://infracost.io/requested-resources:
  ∙ 1 x ibm_is_image