
 Name                                         Monthly Qty  Unit      Monthly Cost 
                                                                                  
 ibm_pi_network.public_vlan_power_network[0]                                      
 └─ power-network                                       1  Instance         $0.00 
                                                                                  
 ibm_resource_instance.powervs_service                                            
 └─ Power instance                                      1  Instance         $0.00 
                                                                                  
 OVERALL TOTAL                                                              $0.00 
──────────────────────────────────
3 cloud resources were detected:
∙ 2 were estimated, 1 of which usage-based costs, see https://infracost.io/usage-file
∙ 1 was free:
  ∙ 1 x ibm_resource_group